drivers/gpu/CVE-2024-27411_f6ecfda/r535_gsp_postinit-autogen.ql
drivers/gpu/CVE-2024-35928_eb4f139/amdgpu_device_init-autogen.ql
drivers/gpu/CVE-2024-35817_6c6064c/amdgpu_ttm_gart_bind-autogen.ql
drivers/gpu/CVE-2023-52817_5104fdf/amdgpu_debugfs_regs_smc_read-autogen.ql
drivers/gpu/CVE-2023-52817_5104fdf/amdgpu_debugfs_regs_smc_write-autogen.ql
drivers/media/CVE-2024-35919_afaaf3a/mtk_vcodec_vpu_reset_enc_handler-autogen.ql
drivers/media/CVE-2023-52847_bd5b50b/bttv_remove-autogen.ql
drivers/media/CVE-2024-35920_6467cda/mtk_vcodec_vpu_reset_dec_handler-autogen.ql
drivers/media/CVE-2021-47339_7b53cca/video_get_user-autogen.ql
drivers/media/CVE-2023-52764_099be18/set_flicker-autogen.ql
drivers/misc/CVE-2021-47287_4afa0c2/__auxiliary_driver_register-autogen.ql
drivers/misc/CVE-2023-52865_606f636/mtk_infrasys_init-autogen.ql
drivers/misc/CVE-2023-52865_606f636/mtk_infrasys_init_early-autogen.ql
drivers/misc/CVE-2021-47319_b71ba22/virtblk_freeze-autogen.ql
drivers/misc/CVE-2023-52771_8d2ad99/cxl_endpoint_autoremove-autogen.ql
drivers/misc/CVE-2024-35785_95915ba/optee_register_device-autogen.ql
drivers/misc/CVE-2023-52679_4dde835/of_parse_phandle_with_args_map-autogen.ql
drivers/misc/CVE-2021-47278_0b67808/mhi_pci_remove-autogen.ql
drivers/misc/CVE-2022-48707_a04c7d0/cxl_region_decode_commit-autogen.ql
drivers/misc/CVE-2021-47234_aaac9a1/mtk_phy_init-autogen.ql
drivers/misc/CVE-2022-48707_4fa4302/cxl_region_decode_commit-autogen.ql
drivers/misc/CVE-2023-52765_7b439aa/pmic_spmi_load_revid-autogen.ql
drivers/misc/CVE-2024-27413_fccfa64/efi_capsule_open-autogen.ql
drivers/misc/CVE-2024-35809_9d5286d/pci_device_remove-autogen.ql
drivers/misc/CVE-2021-47323_a173e3b/wdt_turnoff-autogen.ql
drivers/misc/CVE-2023-52749_bef4a48/__spi_transfer_message_noqueue-autogen.ql
drivers/misc/CVE-2024-27433_f3633fe/clk_mt7622_apmixed_remove-autogen.ql
drivers/misc/CVE-2023-52875_0d6e24b/mtk_infrasys_init-autogen.ql
drivers/misc/CVE-2023-52875_0d6e24b/mtk_infrasys_init_early-autogen.ql
drivers/misc/CVE-2021-47334_7272b59/ibmasm_init_one-autogen.ql
drivers/net/CVE-2021-47302_56ea7ed/igc_clean_tx_ring-autogen.ql
drivers/net/CVE-2024-35971_be0384b/ks8851_rx_pkts-autogen.ql
drivers/net/CVE-2024-35971_be0384b/ks8851_irq-autogen.ql
drivers/net/CVE-2024-35968_81665ad/pdsc_devcmd_reset-autogen.ql
drivers/net/CVE-2024-35968_81665ad/pdsc_init_pf-autogen.ql
drivers/net/CVE-2021-47472_ab609f2/__mdiobus_register-autogen.ql
drivers/net/CVE-2024-35961_c6e77aa/mlx5_uninit_one_light-autogen.ql
drivers/net/CVE-2024-35961_c6e77aa/mlx5_sf_dev_remove-autogen.ql
drivers/net/CVE-2021-47441_332fdf9/mlxsw_thermal_init-autogen.ql
drivers/net/CVE-2021-47301_7b29260/igb_clean_tx_ring-autogen.ql
drivers/net/CVE-2023-52784_3cffa2d/bond_setup_by_slave-autogen.ql
drivers/net/CVE-2023-52688_b4e593a/ath12k_core_qmi_firmware_ready-autogen.ql
drivers/net/CVE-2024-35858_9f898fc/bcmasp_init_tx-autogen.ql
drivers/net/CVE-2021-47484_c2d4c54/nix_free_tx_vtag_entries-autogen.ql
drivers/net/CVE-2024-35853_8ca3f7a/mlxsw_sp_acl_tcam_vchunk_migrate_start-autogen.ql
drivers/net/CVE-2023-52780_ca8add9/mvneta_ethtool_pp_stats-autogen.ql
drivers/net/CVE-2024-36007_743edc8/mlxsw_sp_acl_tcam_vregion_rehash_start-autogen.ql
drivers/net/CVE-2024-36007_743edc8/mlxsw_sp_acl_tcam_vchunk_migrate_end-autogen.ql
drivers/net/CVE-2021-47400_5b09e88/hns3_nic_net_open-autogen.ql
drivers/net/CVE-2024-27432_ea80e3e/mtk_ppe_start-autogen.ql
drivers/net/CVE-2024-35885_09ba28e/mlxbf_gige_shutdown-autogen.ql
drivers/net/CVE-2021-47283_8f03eeb/efx_nic_init_interrupt-autogen.ql
drivers/net/CVE-2021-47399_513e605/ixgbe_max_channels-autogen.ql
drivers/net/CVE-2021-47236_c3b26fd/eem_tx_fixup-autogen.ql
drivers/net/CVE-2024-35959_ecb8294/mlx5e_priv_cleanup-autogen.ql
drivers/scsi/CVE-2023-52808_6de426f/debugfs_init_v3_hw-autogen.ql
fs/CVE-2023-52737_519b7e1/extent_fiemap-autogen.ql
fs/CVE-2023-52852_b0327c8/f2fs_read_multi_pages-autogen.ql
fs/CVE-2021-47260_09226e8/nfs_get_client-autogen.ql
fs/CVE-2023-52699_f123dc8/get_block-autogen.ql
fs/CVE-2024-35870_24a9799/cifs_mark_tcp_ses_conns_for_reconnect-autogen.ql
fs/CVE-2024-35861_e0e5040/cifs_signal_cifsd_for_reconnect-autogen.ql
fs/CVE-2021-47342_61bb4a1/ext4_multi_mount_protect-autogen.ql
fs/CVE-2023-52770_f803982/__may_extent_tree-autogen.ql
kernel/CVE-2024-35939_b9fa169/dma_direct_alloc_pages-autogen.ql
kernel/CVE-2023-52836_bccdd80/stress_inorder_work-autogen.ql
kernel/CVE-2023-52836_bccdd80/stress_one_work-autogen.ql
kernel/CVE-2023-52836_bccdd80/stress_reorder_work-autogen.ql
kernel/CVE-2023-52879_9034c87/trace_create_new_event-autogen.ql
kernel/CVE-2023-52879_9034c87/tracing_release_file_tr-autogen.ql
kernel/CVE-2023-52879_9034c87/event_enable_write-autogen.ql
kernel/CVE-2023-52879_bb32500/trace_create_new_event-autogen.ql
kernel/CVE-2023-52879_bb32500/tracing_release_file_tr-autogen.ql
kernel/CVE-2023-52879_bb32500/event_enable_write-autogen.ql
misc/CVE-2023-52736_87978e6/hda_codec_driver_probe-autogen.ql
misc/CVE-2023-52697_e38e252/sof_sdw_rt_sdca_jack_exit-autogen.ql
misc/CVE-2024-27436_a39d51f/convert_chmap-autogen.ql
misc/CVE-2023-52692_ca459df/scarlett2_usb_set_config-autogen.ql
misc/CVE-2024-35993_d99e314/__ClearPageAnonExclusive-autogen.ql
misc/CVE-2023-52674_04f8f05/scarlett2_mixer_ctl_put-autogen.ql
misc/CVE-2021-47326_2beb4a5/on_sig_stack-autogen.ql
misc/CVE-2023-52813_8f4f68e/pcrypt_aead_encrypt-autogen.ql
misc/CVE-2023-52813_8f4f68e/pcrypt_aead_decrypt-autogen.ql
mm/CVE-2021-47466_9037c57/kmem_cache_open-autogen.ql
mm/CVE-2024-35993_d99e314/__prep_account_new_huge_page-autogen.ql
net/CVE-2023-52702_2fa28f5/ovs_meter_cmd_set-autogen.ql
net/CVE-2024-35840_be1d9d9/subflow_finish_connect-autogen.ql
net/CVE-2024-36012_10f9f42/hci_release_dev-autogen.ql
net/CVE-2024-35899_f7e3c88/nf_tables_module_exit-autogen.ql
net/CVE-2024-35895_ff91059/sock_hash_delete_elem-autogen.ql
net/CVE-2024-35895_ff91059/__sock_map_delete-autogen.ql
net/CVE-2024-35888_17af420/ip6erspan_rcv-autogen.ql
net/CVE-2021-47443_58e7dcc/digital_tg_listen_mdaa-autogen.ql
net/CVE-2024-35934_00af2aa/smc_pnet_create_pnetids_list-autogen.ql
net/CVE-2024-27404_967d3c2/subflow_ulp_clone-autogen.ql
net/CVE-2021-47397_f7e745f/sctp_rcv_ootb-autogen.ql
net/CVE-2021-47244_07718be/mptcp_get_options-autogen.ql
net/CVE-2024-27426_e799299/nr_create-autogen.ql
net/CVE-2021-47225_8043903/ieee80211_stop-autogen.ql
net/CVE-2024-27399_adf0398/l2cap_chan_timeout-autogen.ql
net/CVE-2024-27398_483bc08/sco_sock_timeout-autogen.ql
net/CVE-2024-27422_f99b494/nr_create-autogen.ql
net/CVE-2021-47442_291c932/digital_in_send_sdd_req-autogen.ql
net/CVE-2023-52843_7b3ba18/llc_sap_action_send_test_r-autogen.ql
net/CVE-2023-52843_7b3ba18/llc_station_ac_send_test_r-autogen.ql
net/CVE-2021-47225_d5befb2/ieee80211_stop-autogen.ql
net/CVE-2021-47371_3106a08/unregister_nexthop_notifier-autogen.ql
net/CVE-2024-27417_10bfd45/inet6_rtm_getaddr-autogen.ql
net/CVE-2024-27428_119cae5/nr_header-autogen.ql
net/CVE-2024-27428_119cae5/nr_transmit_buffer-autogen.ql
net/CVE-2024-27428_119cae5/__nr_transmit_reply-autogen.ql
net/CVE-2024-27428_119cae5/nr_write_internal-autogen.ql
net/CVE-2024-35890_5b3b67f/skb_gro_receive-autogen.ql
net/CVE-2024-27427_60a7a15/nr_create-autogen.ql
net/CVE-2021-47243_ba91c49/cake_get_tcpopt-autogen.ql
net/CVE-2021-47243_ba91c49/cake_tcph_may_drop-autogen.ql
net/CVE-2021-47496_da353fa/tls_sw_splice_read-autogen.ql
net/CVE-2024-27425_806f462/nr_create-autogen.ql
net/CVE-2021-47294_517a16b/nr_t2timer_expiry-autogen.ql
net/CVE-2021-47294_517a16b/nr_idletimer_expiry-autogen.ql
net/CVE-2021-47294_517a16b/nr_t4timer_expiry-autogen.ql
net/CVE-2024-35910_e3e27d2/tcp_close-autogen.ql
net/CVE-2024-35900_994209d/nf_tables_addchain-autogen.ql
net/CVE-2021-47240_ad9d24c/qrtr_endpoint_post-autogen.ql
net/CVE-2021-47452_68a3765/nf_tables_netdev_event-autogen.ql
net/CVE-2024-27397_7395dfa/pipapo_deactivate-autogen.ql
net/CVE-2024-27397_7395dfa/nft_trans_gc_catchall_sync-autogen.ql
net/CVE-2023-52734_de5ca4c/htb_activate_prios-autogen.ql
net/CVE-2024-36011_d270600/hci_le_big_sync_established_evt-autogen.ql
net/CVE-2021-47363_563f23b/replace_nexthop_grp-autogen.ql
net/CVE-2023-52698_ec4e9d6/netlbl_calipso_add-autogen.ql
net/CVE-2024-27430_958d614/nr_add_node-autogen.ql
net/CVE-2024-27424_43547d8/nr_create-autogen.ql
