arch-x86/CVE-2021-47226_d8778e3/__fpu__restore_sig-autogen.ql
arch-x86/CVE-2021-47303_f263a81/bpf_tail_call_direct_fixup-autogen.ql
arch-x86/CVE-2021-47227_484cea4/__fpu__restore_sig-autogen.ql
arch-x86/CVE-2021-47228_8d651ee/__ioremap_check_other-autogen.ql
arch-x86/CVE-2021-47255_218bf77/kvm_lapic_reg_read-autogen.ql
arch-x86/CVE-2021-47389_f1815e0/sev_receive_start-autogen.ql
arch-x86/CVE-2021-47407_eb7511b/kvm_arch_init_vm-autogen.ql
arch-x86/CVE-2024-35791_5ef1d8c/sev_mem_enc_register_region-autogen.ql
arch-x86/CVE-2021-47407_eb7511b/kvm_page_track_init-autogen.ql
arch-x86/CVE-2024-35801_10e4b51/fpu__init_cpu_xstate-autogen.ql
arch-x86/CVE-2024-35802_1c811d4/early_snp_set_memory_private-autogen.ql
arch-x86/CVE-2024-35876_3ddf944/set_bank-autogen.ql
arch-x86/CVE-2024-35802_1c811d4/early_snp_set_memory_shared-autogen.ql
arch-x86/CVE-2024-35802_1c811d4/setup_cpuid_table-autogen.ql
arch-x86/CVE-2024-35802_1c811d4/sme_encrypt_kernel-autogen.ql
arch-x86/CVE-2024-35802_1c811d4/sme_enable-autogen.ql
arch-x86/CVE-2024-35802_1c811d4/snp_cpuid-autogen.ql
arch-x86/CVE-2024-35804_910c57d/emulator_cmpxchg_emulated-autogen.ql
arch-x86/CVE-2024-35877_04c35ab/track_pfn_copy-autogen.ql
arch-x86/CVE-2024-35877_04c35ab/untrack_pfn-autogen.ql
arch-x86/CVE-2024-35903_8116617/emit_rsb_call-autogen.ql
drivers/gpu/CVE-2023-52867_dd05484/evergreen_irq_process-autogen.ql
drivers/media/CVE-2023-52754_a1766a4/imon_probe-autogen.ql
drivers/misc/CVE-2021-47323_90b7c14/wdt_turnoff-autogen.ql
drivers/misc/CVE-2021-47355_34e7434/nicstar_cleanup-autogen.ql
drivers/misc/CVE-2021-47357_1c72e6a/ia_module_exit-autogen.ql
drivers/misc/CVE-2021-47377_8480ed9/balloon_set_new_target-autogen.ql
drivers/misc/CVE-2021-47377_8480ed9/free_xenballooned_pages-autogen.ql
drivers/misc/CVE-2021-47377_8480ed9/xen_memory_notifier-autogen.ql
drivers/misc/CVE-2023-52683_56d2eed/lpit_update_residency-autogen.ql
drivers/misc/CVE-2023-52765_7b439aa/pmic_spmi_probe-autogen.ql
drivers/misc/CVE-2023-52849_88d3917/cxl_memdev_unregister-autogen.ql
drivers/misc/CVE-2023-52849_88d3917/cxl_memdev_unregister-autogen.ql
drivers/misc/CVE-2023-52765_7b439aa/pmic_spmi_probe-autogen.ql
drivers/misc/CVE-2021-47357_1c72e6a/ia_module_exit-autogen.ql
drivers/misc/CVE-2023-52683_56d2eed/lpit_update_residency-autogen.ql
drivers/misc/CVE-2021-47377_8480ed9/free_xenballooned_pages-autogen.ql
drivers/misc/CVE-2021-47377_8480ed9/balloon_set_new_target-autogen.ql
drivers/misc/CVE-2021-47377_8480ed9/xen_memory_notifier-autogen.ql
drivers/misc/CVE-2021-47355_34e7434/nicstar_cleanup-autogen.ql
drivers/misc/CVE-2021-47323_90b7c14/wdt_turnoff-autogen.ql
drivers/net/CVE-2021-47235_9cca0c2/ec_bhf_remove-autogen.ql
drivers/net/CVE-2021-47310_0336f8f/tlan_remove_one-autogen.ql
drivers/net/CVE-2021-47372_d82d530/macb_remove-autogen.ql
drivers/net/CVE-2024-27432_ea80e3e/mtk_ppe_stop-autogen.ql
drivers/net/CVE-2024-35907_24444af/mlxbf_gige_open-autogen.ql
drivers/net/CVE-2024-35911_1cb7fdb/ice_vsi_rebuild-autogen.ql
drivers/scsi/CVE-2021-47329_b5438f4/megasas_probe_one-autogen.ql
fs/CVE-2023-52668_b18f3b6/btrfs_zone_activate-autogen.ql
fs/CVE-2023-52672_e95aada/pipe_resize_ring-autogen.ql
fs/CVE-2023-52705_99b9402/nilfs_resize_fs-autogen.ql
fs/CVE-2023-52799_22cad8b/dbFindLeaf-autogen.ql
net/CVE-2023-52830_a85fb91/hci_conn_init_sysfs-autogen.ql
net/CVE-2024-35839_9874808/br_nf_pre_routing_finish_bridge-autogen.ql
net/CVE-2024-35893_d313eb8/tcf_skbmod_dump-autogen.ql
